// Vitest Snapshot v1, https://vitest.dev/guide/snapshot.html

exports[`VtTransition > snapshots default values 1`] = `"<transition-group-stub type="animation" tag="div" enteractiveclass="Vue-Toastification__bounce-enter-active" moveclass="Vue-Toastification__bounce-move" leaveactiveclass="Vue-Toastification__bounce-leave-active" appear="false" persisted="false" css="true"></transition-group-stub>"`;

exports[`VtTransition > transition-group has custom classes 1`] = `<div />`;

exports[`VtTransition snapshots default values 1`] = `"<transition-group-stub type="animation" tag="div" enteractiveclass="Vue-Toastification__bounce-enter-active" moveclass="Vue-Toastification__bounce-move" leaveactiveclass="Vue-Toastification__bounce-leave-active" appear="false" persisted="false" css="true"></transition-group-stub>"`;

exports[`VtTransition transition-group has custom classes 1`] = `<div />`;
